// Jest Snapshot v1, https://goo.gl/fbAQLP

exports[`Testing the About page should render 1`] = `
<div>
  Qui sommes-nous?
</div>
`;
