// Jest Snapshot v1, https://goo.gl/fbAQLP

exports[`Testing the Contact page should render 1`] = `
<div>
  Contact
</div>
`;
