// Jest Snapshot v1, https://goo.gl/fbAQLP

exports[`Testing the Accueil page should render 1`] = `
<div>
  Formation
</div>
`;
