// Jest Snapshot v1, https://goo.gl/fbAQLP

exports[`Testing the Services page should render 1`] = `
<h2>
  Nos Programmes
</h2>
`;
